// Jest Snapshot v1, https://goo.gl/fbAQLP

exports[`learn Enzyme CheckboxWithLabel changes the text after click 1`] = `
initialize {
  "0": Object {
    "attribs": Object {},
    "children": Array [
      Object {
        "attribs": Object {
          "data": "3423423",
          "type": "checkbox",
        },
        "children": Array [],
        "name": "input",
        "namespace": "http://www.w3.org/1999/xhtml",
        "next": Object {
          "data": "Off",
          "next": null,
          "parent": [Circular],
          "prev": [Circular],
          "type": "text",
        },
        "parent": [Circular],
        "prev": null,
        "type": "tag",
        "x-attribsNamespace": Object {
          "data": undefined,
          "type": undefined,
        },
        "x-attribsPrefix": Object {
          "data": undefined,
          "type": undefined,
        },
      },
      Object {
        "data": "Off",
        "next": null,
        "parent": [Circular],
        "prev": Object {
          "attribs": Object {
            "data": "3423423",
            "type": "checkbox",
          },
          "children": Array [],
          "name": "input",
          "namespace": "http://www.w3.org/1999/xhtml",
          "next": [Circular],
          "parent": [Circular],
          "prev": null,
          "type": "tag",
          "x-attribsNamespace": Object {
            "data": undefined,
            "type": undefined,
          },
          "x-attribsPrefix": Object {
            "data": undefined,
            "type": undefined,
          },
        },
        "type": "text",
      },
    ],
    "name": "label",
    "namespace": "http://www.w3.org/1999/xhtml",
    "next": null,
    "parent": null,
    "prev": null,
    "root": Object {
      "attribs": Object {},
      "children": Array [
        [Circular],
      ],
      "name": "root",
      "namespace": "http://www.w3.org/1999/xhtml",
      "next": null,
      "parent": null,
      "prev": null,
      "type": "root",
      "x-attribsNamespace": Object {},
      "x-attribsPrefix": Object {},
    },
    "type": "tag",
    "x-attribsNamespace": Object {},
    "x-attribsPrefix": Object {},
  },
  "_root": [Circular],
  "length": 1,
  "options": Object {
    "decodeEntities": true,
    "normalizeWhitespace": false,
    "withDomLvl1": true,
    "xml": false,
  },
}
`;

exports[`learn Enzyme react-test-renderer CheckboxWithLabel changes the text after click 1`] = `
<label>
  <input
    checked={false}
    data="3423423"
    onChange={[Function]}
    type="checkbox"
  />
  Off
</label>
`;
